[{"key":"change","type":"changed","valueBefore":"not changed","valueAfter":"changed"},{"key":"change2","type":"changed","valueBefore":"not changed","valueAfter":"changed"},{"key":"not-change","type":"common","value":"still the same"},{"key":"empty","type":"common","value":""},{"key":"remove","type":"removed","value":"removed"},{"key":"remove2","type":"removed","value":"removed"},{"key":"new","type":"added","value":"added"},{"key":"new2","type":"added","value":"added"},{"key":"num","type":"added","value":123},{"key":"bool","type":"added","value":true}]
